// Jest Snapshot v1, https://goo.gl/fbAQLP

exports[`<Button /> should render the medium sizew by defaut 1`] = `
.c0 {
  border: 0;
  cursor: pointer;
  color: #FAFAFA;
  padding: 0.8rem;
  border-radius: 0.4rem;
  text-decoration: none;
  display: inline-flex;
  align-items: center;
  justify-content: center;
  background: linear-gradient(180deg, #ff5f5f 0%, #f062c0 50%);
  height: 4rem;
  font-size: 1.4rem;
  padding: 0.8rem 3.2rem;
}

.c0:hover {
  background: linear-gradient(180deg, #e35565 0%, #d958a6 50%);
}

<button
  class="c0"
>
  <span>
    Button
  </span>
</button>
`;
